[INFO] Scanning for projects...
[INFO] ------------------------------------------------------------------------
[INFO] Reactor Build Order:
[INFO] 
[INFO] ShopNow Parent                                                     [pom]
[INFO] ShopNow Order Service                                              [jar]
[INFO] 
[INFO] ---------------------< com.example:shopnow-parent >---------------------
[INFO] Building ShopNow Parent 0.0.1-SNAPSHOT                             [1/2]
[INFO]   from pom.xml
[INFO] --------------------------------[ pom ]---------------------------------
[INFO] 
[INFO] --- clean:3.5.0:clean (default-clean) @ shopnow-parent ---
[INFO] 
[INFO] ---------------------< com.example:order-service >----------------------
[INFO] Building ShopNow Order Service 0.0.1-SNAPSHOT                      [2/2]
[INFO]   from order-service\pom.xml
[INFO] --------------------------------[ jar ]---------------------------------
[INFO] 
[INFO] --- clean:3.5.0:clean (default-clean) @ order-service ---
[INFO] Deleting D:\Github\ShopNow\order-service\target
[INFO] 
[INFO] --- resources:3.3.1:resources (default-resources) @ order-service ---
[INFO] skip non existing resourceDirectory D:\Github\ShopNow\order-service\src\main\resources
[INFO] skip non existing resourceDirectory D:\Github\ShopNow\order-service\src\main\resources
[INFO] 
[INFO] --- compiler:3.14.1:compile (default-compile) @ order-service ---
[INFO] Recompiling the module because of changed source code.
[INFO] Compiling 50 source files with javac [debug parameters release 21] to target\classes
[INFO] ------------------------------------------------------------------------
[INFO] Reactor Summary for ShopNow Parent 0.0.1-SNAPSHOT:
[INFO] 
[INFO] ShopNow Parent ..................................... SUCCESS [  0.118 s]
[INFO] ShopNow Order Service .............................. SUCCESS [  4.892 s]
[INFO] ------------------------------------------------------------------------
[INFO] BUILD SUCCESS
[INFO] ------------------------------------------------------------------------
[INFO] Total time:  5.332 s
[INFO] Finished at: 2026-06-21T20:59:29+07:00
[INFO] ------------------------------------------------------------------------
